// Jest Snapshot v1, https://goo.gl/fbAQLP

exports[`delete.app delete an todo item by id 1`] = `
Array [
  Array [
    Object {
      "id": "xxxx-xxxx",
    },
  ],
]
`;
